\BOOKMARK [1][-]{section.1}{\376\377\000C\000e\000l\000\040\000i\000\040\000z\000a\000k\000r\000e\000s\000\040\000p\000r\000o\000j\000e\000k\000t\000u}{}% 1
\BOOKMARK [1][-]{section.2}{\376\377\000T\000e\000c\000h\000n\000o\000l\000o\000g\000i\000e}{}% 2
\BOOKMARK [1][-]{section.3}{\376\377\000S\000t\000r\000u\000k\000t\000u\000r\000a\000\040\000k\000a\000t\000a\000l\000o\000g\000\363\000w}{}% 3
\BOOKMARK [1][-]{section.4}{\376\377\000K\000o\000n\000f\000i\000g\000u\000r\000a\000c\000j\000a\000\040\000b\000u\000d\000o\000w\000a\000n\000i\000a}{}% 4
\BOOKMARK [1][-]{section.5}{\376\377\000O\000g\000\363\000l\000n\000a\000\040\000a\000r\000c\000h\000i\000t\000e\000k\000t\000u\000r\000a}{}% 5
\BOOKMARK [1][-]{section.6}{\376\377\000M\000o\000d\000e\000l\000\040\000d\000a\000n\000y\000c\000h}{}% 6
\BOOKMARK [2][-]{subsection.6.1}{\376\377\000A\000u\000t\000o\000r}{section.6}% 7
\BOOKMARK [2][-]{subsection.6.2}{\376\377\000K\000a\000t\000e\000g\000o\000r\000i\000a}{section.6}% 8
\BOOKMARK [2][-]{subsection.6.3}{\376\377\000P\000o\000z\000y\000c\000j\000a\000\040\000b\000i\000b\000l\000i\000o\000t\000e\000c\000z\000n\000a}{section.6}% 9
\BOOKMARK [1][-]{section.7}{\376\377\000K\000l\000a\000s\000a\000\040\000L\000i\000b\000r\000a\000r\000y}{}% 10
\BOOKMARK [1][-]{section.8}{\376\377\000O\000b\000s\001\102\000u\000g\000a\000\040\000p\000l\000i\000k\000\363\000w\000\040\000C\000S\000V}{}% 11
\BOOKMARK [1][-]{section.9}{\376\377\000I\000n\000t\000e\000r\000f\000e\000j\000s\000\040\000k\000o\000n\000s\000o\000l\000o\000w\000y}{}% 12
\BOOKMARK [1][-]{section.10}{\376\377\000G\001\102\000\363\000w\000n\000e\000\040\000s\000c\000e\000n\000a\000r\000i\000u\000s\000z\000e\000\040\000d\000z\000i\000a\001\102\000a\000n\000i\000a}{}% 13
\BOOKMARK [2][-]{subsection.10.1}{\376\377\000S\000t\000a\000r\000t\000\040\000p\000r\000o\000g\000r\000a\000m\000u}{section.10}% 14
\BOOKMARK [2][-]{subsection.10.2}{\376\377\000D\000o\000d\000a\000n\000i\000e\000\040\000p\000o\000z\000y\000c\000j\000i}{section.10}% 15
\BOOKMARK [2][-]{subsection.10.3}{\376\377\000F\000i\000l\000t\000r\000o\000w\000a\000n\000i\000e\000\040\000p\000o\000\040\000s\000t\000a\000t\000u\000s\000i\000e}{section.10}% 16
\BOOKMARK [2][-]{subsection.10.4}{\376\377\000Z\000a\000k\000o\001\104\000c\000z\000e\000n\000i\000e\000\040\000p\000r\000o\000g\000r\000a\000m\000u}{section.10}% 17
\BOOKMARK [1][-]{section.11}{\376\377\000W\000a\000l\000i\000d\000a\000c\000j\000a\000\040\000i\000\040\000o\000b\000s\001\102\000u\000g\000a\000\040\000b\001\102\001\031\000d\000\363\000w}{}% 18
\BOOKMARK [1][-]{section.12}{\376\377\000O\000g\000r\000a\000n\000i\000c\000z\000e\000n\000i\000a\000\040\000p\000r\000o\000j\000e\000k\000t\000u}{}% 19
\BOOKMARK [1][-]{section.13}{\376\377\000P\000o\000d\000s\000u\000m\000o\000w\000a\000n\000i\000e}{}% 20
